---
source: apps/framework-cli/src/cli/routines/dev_tui/ui.rs
expression: output
---
" MOOSE DEV  test-project  Typescript  localhost:4000        "
"                                                            "
"┌ [1] LOGS (5) ────────────────────┐┌ [2] INFRASTRUCTURE ──┐"
"│12:00:00 SYS   Test message 0     ││  BOOT STATUS         │"
"│12:00:01 SYS   Test message 1     ││  ○ Initializing...   │"
"│12:00:02 SYS   Test message 2     ││                      │"
"│12:00:03 SYS   Test message 3     ││  SERVICES            │"
"│12:00:04 SYS   Test message 4     │└──────────────────────┘"
"│                                  │┌ [3] RESOURCES (0) ───┐"
"│                                  ││                      │"
"│                                  ││  No resources yet.   │"
"│                                  ││  Waiting for infrastr│"
"│                                  ││                      │"
"│                                  ││                      │"
"│                                  ││                      │"
"│                                  ││                      │"
"│                                  ││                      │"
"└──────────────────────────────────┘└──────────────────────┘"
" Filter: [a]All [w]Watch [i]Infra [s]API [e]Error           "
" Nav: [1-3]Panel [j/k]Scroll [Enter]Select [Space]Expand [W]"
